Copyright 1986-2019 Xilinx, Inc. All Rights Reserved.
-----------------------------------------------------------------------------------------------------------------
| Tool Version : Vivado v.2018.3.1 (win64) Build 2489853 Tue Mar 26 04:20:25 MDT 2019
| Date         : Wed May 29 14:46:14 2019
| Host         : W7-PC running 64-bit Service Pack 1  (build 7601)
| Command      : report_utilization -file mpatrol_top_utilization_synth.rpt -pb mpatrol_top_utilization_synth.pb
| Design       : mpatrol_top
| Device       : 7a35tftg256-1
| Design State : Synthesized
-----------------------------------------------------------------------------------------------------------------

Utilization Design Information

Table of Contents
-----------------
1. Slice Logic
1.1 Summary of Registers by Type
2. Memory
3. DSP
4. IO and GT Specific
5. Clocking
6. Specific Feature
7. Primitives
8. Black Boxes
9. Instantiated Netlists

1. Slice Logic
--------------

+----------------------------+-------+-------+-----------+-------+
|          Site Type         |  Used | Fixed | Available | Util% |
+----------------------------+-------+-------+-----------+-------+
| Slice LUTs*                | 11234 |     0 |     20800 | 54.01 |
|   LUT as Logic             | 11197 |     0 |     20800 | 53.83 |
|   LUT as Memory            |    37 |     0 |      9600 |  0.39 |
|     LUT as Distributed RAM |    32 |     0 |           |       |
|     LUT as Shift Register  |     5 |     0 |           |       |
| Slice Registers            |  6819 |     0 |     41600 | 16.39 |
|   Register as Flip Flop    |  6815 |     0 |     41600 | 16.38 |
|   Register as Latch        |     4 |     0 |     41600 | <0.01 |
| F7 Muxes                   |   167 |     0 |     16300 |  1.02 |
| F8 Muxes                   |    48 |     0 |      8150 |  0.59 |
+----------------------------+-------+-------+-----------+-------+
* Warning! The Final LUT count, after physical optimizations and full implementation, is typically lower. Run opt_design after synthesis, if not already completed, for a more realistic count.


1.1 Summary of Registers by Type
--------------------------------

+-------+--------------+-------------+--------------+
| Total | Clock Enable | Synchronous | Asynchronous |
+-------+--------------+-------------+--------------+
| 0     |            _ |           - |            - |
| 0     |            _ |           - |          Set |
| 0     |            _ |           - |        Reset |
| 0     |            _ |         Set |            - |
| 0     |            _ |       Reset |            - |
| 0     |          Yes |           - |            - |
| 97    |          Yes |           - |          Set |
| 613   |          Yes |           - |        Reset |
| 24    |          Yes |         Set |            - |
| 6085  |          Yes |       Reset |            - |
+-------+--------------+-------------+--------------+


2. Memory
---------

+-------------------+------+-------+-----------+-------+
|     Site Type     | Used | Fixed | Available | Util% |
+-------------------+------+-------+-----------+-------+
| Block RAM Tile    | 14.5 |     0 |        50 | 29.00 |
|   RAMB36/FIFO*    |   12 |     0 |        50 | 24.00 |
|     RAMB36E1 only |   12 |       |           |       |
|   RAMB18          |    5 |     0 |       100 |  5.00 |
|     RAMB18E1 only |    5 |       |           |       |
+-------------------+------+-------+-----------+-------+
* Note: Each Block RAM Tile only has one FIFO logic available and therefore can accommodate only one FIFO36E1 or one FIFO18E1. However, if a FIFO18E1 occupies a Block RAM Tile, that tile can still accommodate a RAMB18E1


3. DSP
------

+-----------+------+-------+-----------+-------+
| Site Type | Used | Fixed | Available | Util% |
+-----------+------+-------+-----------+-------+
| DSPs      |    0 |     0 |        90 |  0.00 |
+-----------+------+-------+-----------+-------+


4. IO and GT Specific
---------------------

+-----------------------------+------+-------+-----------+-------+
|          Site Type          | Used | Fixed | Available | Util% |
+-----------------------------+------+-------+-----------+-------+
| Bonded IOB                  |   40 |     0 |       170 | 23.53 |
| Bonded IPADs                |    0 |     0 |         2 |  0.00 |
| PHY_CONTROL                 |    0 |     0 |         5 |  0.00 |
| PHASER_REF                  |    0 |     0 |         5 |  0.00 |
| OUT_FIFO                    |    0 |     0 |        20 |  0.00 |
| IN_FIFO                     |    0 |     0 |        20 |  0.00 |
| IDELAYCTRL                  |    0 |     0 |         5 |  0.00 |
| IBUFDS                      |    0 |     0 |       163 |  0.00 |
| PHASER_OUT/PHASER_OUT_PHY   |    0 |     0 |        20 |  0.00 |
| PHASER_IN/PHASER_IN_PHY     |    0 |     0 |        20 |  0.00 |
| IDELAYE2/IDELAYE2_FINEDELAY |    0 |     0 |       250 |  0.00 |
| ILOGIC                      |    0 |     0 |       170 |  0.00 |
| OLOGIC                      |    0 |     0 |       170 |  0.00 |
+-----------------------------+------+-------+-----------+-------+


5. Clocking
-----------

+------------+------+-------+-----------+-------+
|  Site Type | Used | Fixed | Available | Util% |
+------------+------+-------+-----------+-------+
| BUFGCTRL   |    4 |     0 |        32 | 12.50 |
| BUFIO      |    0 |     0 |        20 |  0.00 |
| MMCME2_ADV |    0 |     0 |         5 |  0.00 |
| PLLE2_ADV  |    0 |     0 |         5 |  0.00 |
| BUFMRCE    |    0 |     0 |        10 |  0.00 |
| BUFHCE     |    0 |     0 |        72 |  0.00 |
| BUFR       |    0 |     0 |        20 |  0.00 |
+------------+------+-------+-----------+-------+


6. Specific Feature
-------------------

+-------------+------+-------+-----------+-------+
|  Site Type  | Used | Fixed | Available | Util% |
+-------------+------+-------+-----------+-------+
| BSCANE2     |    0 |     0 |         4 |  0.00 |
| CAPTUREE2   |    0 |     0 |         1 |  0.00 |
| DNA_PORT    |    0 |     0 |         1 |  0.00 |
| EFUSE_USR   |    0 |     0 |         1 |  0.00 |
| FRAME_ECCE2 |    0 |     0 |         1 |  0.00 |
| ICAPE2      |    1 |     0 |         2 | 50.00 |
| PCIE_2_1    |    0 |     0 |         1 |  0.00 |
| STARTUPE2   |    0 |     0 |         1 |  0.00 |
| XADC        |    0 |     0 |         1 |  0.00 |
+-------------+------+-------+-----------+-------+


7. Primitives
-------------

+----------+------+---------------------+
| Ref Name | Used | Functional Category |
+----------+------+---------------------+
| LUT6     | 7178 |                 LUT |
| FDRE     | 6085 |        Flop & Latch |
| LUT5     | 1613 |                 LUT |
| LUT4     | 1433 |                 LUT |
| LUT3     | 1407 |                 LUT |
| LUT2     |  746 |                 LUT |
| FDCE     |  609 |        Flop & Latch |
| CARRY4   |  304 |          CarryLogic |
| LUT1     |  227 |                 LUT |
| MUXF7    |  167 |               MuxFx |
| FDPE     |   97 |        Flop & Latch |
| RAMD32   |   48 |  Distributed Memory |
| MUXF8    |   48 |               MuxFx |
| OBUF     |   36 |                  IO |
| FDSE     |   24 |        Flop & Latch |
| RAMS32   |   16 |  Distributed Memory |
| RAMB36E1 |   12 |        Block Memory |
| SRL16E   |    5 |  Distributed Memory |
| RAMB18E1 |    5 |        Block Memory |
| LDCE     |    4 |        Flop & Latch |
| IBUF     |    4 |                  IO |
| BUFG     |    4 |               Clock |
| ICAPE2   |    1 |              Others |
+----------+------+---------------------+


8. Black Boxes
--------------

+----------+------+
| Ref Name | Used |
+----------+------+
| relojes  |    1 |
+----------+------+


9. Instantiated Netlists
------------------------

+----------+------+
| Ref Name | Used |
+----------+------+


